?   	github.com/PhilipKram/bitbucket-cli	[no test files]
?   	github.com/PhilipKram/bitbucket-cli/cmd	[no test files]
=== RUN   TestMaskToken_Long
--- PASS: TestMaskToken_Long (0.00s)
=== RUN   TestMaskToken_Short
--- PASS: TestMaskToken_Short (0.00s)
=== RUN   TestMaskToken_ExactlyFour
--- PASS: TestMaskToken_ExactlyFour (0.00s)
=== RUN   TestMaskToken_FiveChars
--- PASS: TestMaskToken_FiveChars (0.00s)
=== RUN   TestNewCmdAuth_HasSubcommands
--- PASS: TestNewCmdAuth_HasSubcommands (0.00s)
=== RUN   TestNewCmdLogin_NoGitProtocolFlag
--- PASS: TestNewCmdLogin_NoGitProtocolFlag (0.00s)
=== RUN   TestNewCmdLogin_HasExpectedFlags
--- PASS: TestNewCmdLogin_HasExpectedFlags (0.00s)
PASS
ok  	github.com/PhilipKram/bitbucket-cli/cmd/auth	0.997s
=== RUN   TestNewCmdBranch_HasSubcommands
--- PASS: TestNewCmdBranch_HasSubcommands (0.00s)
=== RUN   TestNewCmdList_HasExpectedFlags
--- PASS: TestNewCmdList_HasExpectedFlags (0.00s)
=== RUN   TestNewCmdCreate_HasExpectedFlags
--- PASS: TestNewCmdCreate_HasExpectedFlags (0.00s)
=== RUN   TestNewCmdCreate_TargetFlagRequired
--- PASS: TestNewCmdCreate_TargetFlagRequired (0.00s)
=== RUN   TestNewCmdTags_HasExpectedFlags
--- PASS: TestNewCmdTags_HasExpectedFlags (0.00s)
=== RUN   TestNewCmdTagCreate_HasExpectedFlags
--- PASS: TestNewCmdTagCreate_HasExpectedFlags (0.00s)
=== RUN   TestNewCmdRestrictions_HasExpectedFlags
--- PASS: TestNewCmdRestrictions_HasExpectedFlags (0.00s)
=== RUN   TestNewCmdDelete_Args
--- PASS: TestNewCmdDelete_Args (0.00s)
=== RUN   TestNewCmdTagDelete_Args
--- PASS: TestNewCmdTagDelete_Args (0.00s)
=== RUN   TestNewCmdBranch_UseShort
--- PASS: TestNewCmdBranch_UseShort (0.00s)
=== RUN   TestNewCmdList_UseShort
--- PASS: TestNewCmdList_UseShort (0.00s)
=== RUN   TestNewCmdCreate_UseShort
--- PASS: TestNewCmdCreate_UseShort (0.00s)
=== RUN   TestNewCmdDelete_UseShort
--- PASS: TestNewCmdDelete_UseShort (0.00s)
=== RUN   TestNewCmdTags_UseShort
--- PASS: TestNewCmdTags_UseShort (0.00s)
=== RUN   TestNewCmdTagCreate_UseShort
--- PASS: TestNewCmdTagCreate_UseShort (0.00s)
=== RUN   TestNewCmdTagDelete_UseShort
--- PASS: TestNewCmdTagDelete_UseShort (0.00s)
=== RUN   TestNewCmdRestrictions_UseShort
--- PASS: TestNewCmdRestrictions_UseShort (0.00s)
=== RUN   TestNewCmdList_PageFlagDefault
--- PASS: TestNewCmdList_PageFlagDefault (0.00s)
=== RUN   TestNewCmdList_JsonFlagDefault
--- PASS: TestNewCmdList_JsonFlagDefault (0.00s)
=== RUN   TestBranchStructs
--- PASS: TestBranchStructs (0.00s)
=== RUN   TestTagStructs
--- PASS: TestTagStructs (0.00s)
=== RUN   TestBranchRestrictionStructs
--- PASS: TestBranchRestrictionStructs (0.00s)
=== RUN   TestNewCmdTagCreate_MessageFlagOptional
--- PASS: TestNewCmdTagCreate_MessageFlagOptional (0.00s)
=== RUN   TestNewCmdList_PageFlagShorthand
--- PASS: TestNewCmdList_PageFlagShorthand (0.00s)
=== RUN   TestNewCmdCreate_TargetFlagShorthand
--- PASS: TestNewCmdCreate_TargetFlagShorthand (0.00s)
=== RUN   TestNewCmdTagCreate_TargetFlagShorthand
--- PASS: TestNewCmdTagCreate_TargetFlagShorthand (0.00s)
=== RUN   TestNewCmdTagCreate_MessageFlagShorthand
--- PASS: TestNewCmdTagCreate_MessageFlagShorthand (0.00s)
=== RUN   TestNewCmdBranch_Help
--- PASS: TestNewCmdBranch_Help (0.00s)
=== RUN   TestAllSubcommands_Help
=== RUN   TestAllSubcommands_Help/list
=== RUN   TestAllSubcommands_Help/create
=== RUN   TestAllSubcommands_Help/delete
=== RUN   TestAllSubcommands_Help/tags
=== RUN   TestAllSubcommands_Help/tag-create
=== RUN   TestAllSubcommands_Help/tag-delete
=== RUN   TestAllSubcommands_Help/restrictions
--- PASS: TestAllSubcommands_Help (0.00s)
    --- PASS: TestAllSubcommands_Help/list (0.00s)
    --- PASS: TestAllSubcommands_Help/create (0.00s)
    --- PASS: TestAllSubcommands_Help/delete (0.00s)
    --- PASS: TestAllSubcommands_Help/tags (0.00s)
    --- PASS: TestAllSubcommands_Help/tag-create (0.00s)
    --- PASS: TestAllSubcommands_Help/tag-delete (0.00s)
    --- PASS: TestAllSubcommands_Help/restrictions (0.00s)
=== RUN   TestNewCmdBranch_HasNoRunE
--- PASS: TestNewCmdBranch_HasNoRunE (0.00s)
=== RUN   TestNewCmdList_HasRunE
--- PASS: TestNewCmdList_HasRunE (0.00s)
=== RUN   TestNewCmdCreate_HasRunE
--- PASS: TestNewCmdCreate_HasRunE (0.00s)
=== RUN   TestNewCmdList_DirectCall
--- PASS: TestNewCmdList_DirectCall (0.00s)
=== RUN   TestNewCmdCreate_DirectCall
--- PASS: TestNewCmdCreate_DirectCall (0.00s)
=== RUN   TestNewCmdDelete_DirectCall
--- PASS: TestNewCmdDelete_DirectCall (0.00s)
=== RUN   TestNewCmdTags_DirectCall
--- PASS: TestNewCmdTags_DirectCall (0.00s)
=== RUN   TestNewCmdTagCreate_DirectCall
--- PASS: TestNewCmdTagCreate_DirectCall (0.00s)
=== RUN   TestNewCmdTagDelete_DirectCall
--- PASS: TestNewCmdTagDelete_DirectCall (0.00s)
=== RUN   TestNewCmdRestrictions_DirectCall
--- PASS: TestNewCmdRestrictions_DirectCall (0.00s)
PASS
ok  	github.com/PhilipKram/bitbucket-cli/cmd/branch	1.064s
=== RUN   TestValueOrDefault_WithValue
--- PASS: TestValueOrDefault_WithValue (0.00s)
=== RUN   TestValueOrDefault_EmptyValue
--- PASS: TestValueOrDefault_EmptyValue (0.00s)
=== RUN   TestMaskValue_Empty
--- PASS: TestMaskValue_Empty (0.00s)
=== RUN   TestMaskValue_Short
--- PASS: TestMaskValue_Short (0.00s)
=== RUN   TestMaskValue_ExactlyFour
--- PASS: TestMaskValue_ExactlyFour (0.00s)
=== RUN   TestMaskValue_FiveChars
--- PASS: TestMaskValue_FiveChars (0.00s)
=== RUN   TestMaskValue_Long
--- PASS: TestMaskValue_Long (0.00s)
=== RUN   TestNewCmdConfig_HasSubcommands
--- PASS: TestNewCmdConfig_HasSubcommands (0.00s)
=== RUN   TestNewCmdSetDefaultWorkspace_RequiresArg
--- PASS: TestNewCmdSetDefaultWorkspace_RequiresArg (0.00s)
=== RUN   TestNewCmdSetFormat_RequiresArg
--- PASS: TestNewCmdSetFormat_RequiresArg (0.00s)
PASS
ok  	github.com/PhilipKram/bitbucket-cli/cmd/config	1.384s
=== RUN   TestIssueStruct_UnmarshalJSON
--- PASS: TestIssueStruct_UnmarshalJSON (0.00s)
=== RUN   TestIssueStruct_UnmarshalJSON_NullAssignee
--- PASS: TestIssueStruct_UnmarshalJSON_NullAssignee (0.00s)
=== RUN   TestNewCmdIssue_HasSubcommands
--- PASS: TestNewCmdIssue_HasSubcommands (0.00s)
=== RUN   TestNewCmdList_HasExpectedFlags
--- PASS: TestNewCmdList_HasExpectedFlags (0.00s)
=== RUN   TestNewCmdView_HasExpectedFlags
--- PASS: TestNewCmdView_HasExpectedFlags (0.00s)
=== RUN   TestNewCmdCreate_HasExpectedFlags
--- PASS: TestNewCmdCreate_HasExpectedFlags (0.00s)
=== RUN   TestNewCmdCreate_TitleRequired
--- PASS: TestNewCmdCreate_TitleRequired (0.00s)
=== RUN   TestNewCmdEdit_HasExpectedFlags
--- PASS: TestNewCmdEdit_HasExpectedFlags (0.00s)
=== RUN   TestNewCmdComments_HasExpectedFlags
--- PASS: TestNewCmdComments_HasExpectedFlags (0.00s)
=== RUN   TestNewCmdComment_HasExpectedFlags
--- PASS: TestNewCmdComment_HasExpectedFlags (0.00s)
=== RUN   TestNewCmdDelete_Exists
--- PASS: TestNewCmdDelete_Exists (0.00s)
=== RUN   TestNewCmdVote_Exists
--- PASS: TestNewCmdVote_Exists (0.00s)
=== RUN   TestNewCmdWatch_Exists
--- PASS: TestNewCmdWatch_Exists (0.00s)
=== RUN   TestNewCmdList_DefaultFlagValues
--- PASS: TestNewCmdList_DefaultFlagValues (0.00s)
=== RUN   TestNewCmdList_ShorthandFlags
--- PASS: TestNewCmdList_ShorthandFlags (0.00s)
=== RUN   TestNewCmdCreate_DefaultFlagValues
--- PASS: TestNewCmdCreate_DefaultFlagValues (0.00s)
=== RUN   TestNewCmdComment_ShorthandFlags
--- PASS: TestNewCmdComment_ShorthandFlags (0.00s)
=== RUN   TestNewCmdList_ArgsValidation
--- PASS: TestNewCmdList_ArgsValidation (0.00s)
=== RUN   TestNewCmdView_ArgsValidation
--- PASS: TestNewCmdView_ArgsValidation (0.00s)
=== RUN   TestNewCmdCreate_ArgsValidation
--- PASS: TestNewCmdCreate_ArgsValidation (0.00s)
=== RUN   TestNewCmdEdit_ArgsValidation
--- PASS: TestNewCmdEdit_ArgsValidation (0.00s)
=== RUN   TestNewCmdDelete_ArgsValidation
--- PASS: TestNewCmdDelete_ArgsValidation (0.00s)
=== RUN   TestNewCmdComments_ArgsValidation
--- PASS: TestNewCmdComments_ArgsValidation (0.00s)
=== RUN   TestNewCmdComment_ArgsValidation
--- PASS: TestNewCmdComment_ArgsValidation (0.00s)
=== RUN   TestNewCmdVote_ArgsValidation
--- PASS: TestNewCmdVote_ArgsValidation (0.00s)
=== RUN   TestNewCmdWatch_ArgsValidation
--- PASS: TestNewCmdWatch_ArgsValidation (0.00s)
=== RUN   TestNewCmdIssue_HasUseAndShort
--- PASS: TestNewCmdIssue_HasUseAndShort (0.00s)
=== RUN   TestNewCmdList_HasUseAndShort
--- PASS: TestNewCmdList_HasUseAndShort (0.00s)
=== RUN   TestNewCmdView_HasUseAndShort
--- PASS: TestNewCmdView_HasUseAndShort (0.00s)
=== RUN   TestNewCmdCreate_HasUseAndShort
--- PASS: TestNewCmdCreate_HasUseAndShort (0.00s)
=== RUN   TestNewCmdEdit_HasUseAndShort
--- PASS: TestNewCmdEdit_HasUseAndShort (0.00s)
=== RUN   TestNewCmdDelete_HasUseAndShort
--- PASS: TestNewCmdDelete_HasUseAndShort (0.00s)
=== RUN   TestNewCmdComments_HasUseAndShort
--- PASS: TestNewCmdComments_HasUseAndShort (0.00s)
=== RUN   TestNewCmdComment_HasUseAndShort
--- PASS: TestNewCmdComment_HasUseAndShort (0.00s)
=== RUN   TestNewCmdVote_HasUseAndShort
--- PASS: TestNewCmdVote_HasUseAndShort (0.00s)
=== RUN   TestNewCmdWatch_HasUseAndShort
--- PASS: TestNewCmdWatch_HasUseAndShort (0.00s)
=== RUN   TestNewCmdList_HasRunE
--- PASS: TestNewCmdList_HasRunE (0.00s)
=== RUN   TestNewCmdView_HasRunE
--- PASS: TestNewCmdView_HasRunE (0.00s)
=== RUN   TestNewCmdCreate_HasRunE
--- PASS: TestNewCmdCreate_HasRunE (0.00s)
=== RUN   TestNewCmdEdit_HasRunE
--- PASS: TestNewCmdEdit_HasRunE (0.00s)
=== RUN   TestNewCmdDelete_HasRunE
--- PASS: TestNewCmdDelete_HasRunE (0.00s)
=== RUN   TestNewCmdComments_HasRunE
--- PASS: TestNewCmdComments_HasRunE (0.00s)
=== RUN   TestNewCmdComment_HasRunE
--- PASS: TestNewCmdComment_HasRunE (0.00s)
=== RUN   TestNewCmdVote_HasRunE
--- PASS: TestNewCmdVote_HasRunE (0.00s)
=== RUN   TestNewCmdWatch_HasRunE
--- PASS: TestNewCmdWatch_HasRunE (0.00s)
=== RUN   TestNewCmdEdit_ShorthandFlags
--- PASS: TestNewCmdEdit_ShorthandFlags (0.00s)
=== RUN   TestNewCmdCreate_ShorthandFlags
--- PASS: TestNewCmdCreate_ShorthandFlags (0.00s)
=== RUN   TestNewCmdIssue_HasHelpText
--- PASS: TestNewCmdIssue_HasHelpText (0.00s)
=== RUN   TestNewCmdList_HasLongDescription
--- PASS: TestNewCmdList_HasLongDescription (0.00s)
=== RUN   TestIssueStruct_NullOptionalFields
--- PASS: TestIssueStruct_NullOptionalFields (0.00s)
=== RUN   TestIssueStruct_EmptyContent
--- PASS: TestIssueStruct_EmptyContent (0.00s)
=== RUN   TestNewCmdCreate_FlagTypes
--- PASS: TestNewCmdCreate_FlagTypes (0.00s)
=== RUN   TestNewCmdList_FlagTypes
--- PASS: TestNewCmdList_FlagTypes (0.00s)
=== RUN   TestIssueStruct_VariousPriorities
--- PASS: TestIssueStruct_VariousPriorities (0.00s)
=== RUN   TestIssueStruct_VariousStates
--- PASS: TestIssueStruct_VariousStates (0.00s)
PASS
ok  	github.com/PhilipKram/bitbucket-cli/cmd/issue	1.864s
=== RUN   TestIntegration_MCP_CommandStructure
--- PASS: TestIntegration_MCP_CommandStructure (0.00s)
=== RUN   TestIntegration_MCP_ServerInitialization
--- PASS: TestIntegration_MCP_ServerInitialization (0.00s)
=== RUN   TestIntegration_MCP_ToolRegistry
--- PASS: TestIntegration_MCP_ToolRegistry (0.00s)
=== RUN   TestIntegration_MCP_ToolExecution
--- PASS: TestIntegration_MCP_ToolExecution (0.00s)
=== RUN   TestIntegration_MCP_ToolNotFound
--- PASS: TestIntegration_MCP_ToolNotFound (0.00s)
=== RUN   TestIntegration_MCP_ToolHandlerError
--- PASS: TestIntegration_MCP_ToolHandlerError (0.00s)
=== RUN   TestIntegration_MCP_ToolUnregistration
--- PASS: TestIntegration_MCP_ToolUnregistration (0.00s)
=== RUN   TestIntegration_MCP_AllToolDefinitions
--- PASS: TestIntegration_MCP_AllToolDefinitions (0.00s)
=== RUN   TestIntegration_MCP_SchemaHelpers
--- PASS: TestIntegration_MCP_SchemaHelpers (0.00s)
=== RUN   TestIntegration_MCP_ContentHelpers
--- PASS: TestIntegration_MCP_ContentHelpers (0.00s)
=== RUN   TestIntegration_MCP_ToolRegistryValidation
--- PASS: TestIntegration_MCP_ToolRegistryValidation (0.00s)
PASS
ok  	github.com/PhilipKram/bitbucket-cli/cmd/mcp	2.123s
=== RUN   TestNewCmdPipeline_HasSubcommands
--- PASS: TestNewCmdPipeline_HasSubcommands (0.00s)
=== RUN   TestNewCmdPipeline_Aliases
--- PASS: TestNewCmdPipeline_Aliases (0.00s)
=== RUN   TestNewCmdList_HasExpectedFlags
--- PASS: TestNewCmdList_HasExpectedFlags (0.00s)
=== RUN   TestNewCmdList_RequiresExactlyOneArg
--- PASS: TestNewCmdList_RequiresExactlyOneArg (0.00s)
=== RUN   TestNewCmdView_HasExpectedFlags
--- PASS: TestNewCmdView_HasExpectedFlags (0.00s)
=== RUN   TestNewCmdView_RequiresExactlyTwoArgs
--- PASS: TestNewCmdView_RequiresExactlyTwoArgs (0.00s)
=== RUN   TestNewCmdTrigger_HasExpectedFlags
--- PASS: TestNewCmdTrigger_HasExpectedFlags (0.00s)
=== RUN   TestNewCmdTrigger_RequiresExactlyOneArg
--- PASS: TestNewCmdTrigger_RequiresExactlyOneArg (0.00s)
=== RUN   TestNewCmdStop_RequiresExactlyTwoArgs
--- PASS: TestNewCmdStop_RequiresExactlyTwoArgs (0.00s)
=== RUN   TestNewCmdSteps_HasExpectedFlags
--- PASS: TestNewCmdSteps_HasExpectedFlags (0.00s)
=== RUN   TestNewCmdSteps_RequiresExactlyTwoArgs
--- PASS: TestNewCmdSteps_RequiresExactlyTwoArgs (0.00s)
=== RUN   TestNewCmdLog_RequiresExactlyThreeArgs
--- PASS: TestNewCmdLog_RequiresExactlyThreeArgs (0.00s)
=== RUN   TestNewCmdPipeline_ShortDescription
--- PASS: TestNewCmdPipeline_ShortDescription (0.00s)
=== RUN   TestNewCmdList_ShortDescription
--- PASS: TestNewCmdList_ShortDescription (0.00s)
=== RUN   TestNewCmdView_ShortDescription
--- PASS: TestNewCmdView_ShortDescription (0.00s)
=== RUN   TestNewCmdTrigger_ShortDescription
--- PASS: TestNewCmdTrigger_ShortDescription (0.00s)
=== RUN   TestNewCmdStop_ShortDescription
--- PASS: TestNewCmdStop_ShortDescription (0.00s)
=== RUN   TestNewCmdSteps_ShortDescription
--- PASS: TestNewCmdSteps_ShortDescription (0.00s)
=== RUN   TestNewCmdLog_ShortDescription
--- PASS: TestNewCmdLog_ShortDescription (0.00s)
=== RUN   TestPipeline_StructFields
--- PASS: TestPipeline_StructFields (0.00s)
=== RUN   TestPipelineStep_StructFields
--- PASS: TestPipelineStep_StructFields (0.00s)
=== RUN   TestNewCmdList_UseString
--- PASS: TestNewCmdList_UseString (0.00s)
=== RUN   TestNewCmdView_UseString
--- PASS: TestNewCmdView_UseString (0.00s)
=== RUN   TestNewCmdTrigger_UseString
--- PASS: TestNewCmdTrigger_UseString (0.00s)
=== RUN   TestNewCmdStop_UseString
--- PASS: TestNewCmdStop_UseString (0.00s)
=== RUN   TestNewCmdSteps_UseString
--- PASS: TestNewCmdSteps_UseString (0.00s)
=== RUN   TestNewCmdLog_UseString
--- PASS: TestNewCmdLog_UseString (0.00s)
=== RUN   TestNewCmdPipeline_Use
--- PASS: TestNewCmdPipeline_Use (0.00s)
=== RUN   TestNewCmdList_PageFlagDefault
--- PASS: TestNewCmdList_PageFlagDefault (0.00s)
=== RUN   TestNewCmdTrigger_CustomFlagType
--- PASS: TestNewCmdTrigger_CustomFlagType (0.00s)
=== RUN   TestNewCmdList_JSONFlagType
--- PASS: TestNewCmdList_JSONFlagType (0.00s)
=== RUN   TestNewCmdStop_NoFlags
--- PASS: TestNewCmdStop_NoFlags (0.00s)
=== RUN   TestNewCmdLog_NoFlags
--- PASS: TestNewCmdLog_NoFlags (0.00s)
=== RUN   TestPipeline_JSONMarshal
--- PASS: TestPipeline_JSONMarshal (0.00s)
=== RUN   TestPipelineStep_JSONMarshal
--- PASS: TestPipelineStep_JSONMarshal (0.00s)
=== RUN   TestPipeline_JSONUnmarshalWithResult
--- PASS: TestPipeline_JSONUnmarshalWithResult (0.00s)
=== RUN   TestPipelineStep_JSONUnmarshalWithResult
--- PASS: TestPipelineStep_JSONUnmarshalWithResult (0.00s)
=== RUN   TestNewCmdPipeline_HasRunE
--- PASS: TestNewCmdPipeline_HasRunE (0.00s)
=== RUN   TestNewCmdList_HasRunE
--- PASS: TestNewCmdList_HasRunE (0.00s)
=== RUN   TestNewCmdView_HasRunE
--- PASS: TestNewCmdView_HasRunE (0.00s)
=== RUN   TestNewCmdTrigger_HasRunE
--- PASS: TestNewCmdTrigger_HasRunE (0.00s)
=== RUN   TestNewCmdStop_HasRunE
--- PASS: TestNewCmdStop_HasRunE (0.00s)
=== RUN   TestNewCmdSteps_HasRunE
--- PASS: TestNewCmdSteps_HasRunE (0.00s)
=== RUN   TestNewCmdLog_HasRunE
--- PASS: TestNewCmdLog_HasRunE (0.00s)
=== RUN   TestPipeline_StateResultNil
--- PASS: TestPipeline_StateResultNil (0.00s)
=== RUN   TestPipelineStep_StateResultNil
--- PASS: TestPipelineStep_StateResultNil (0.00s)
=== RUN   TestNewCmdTrigger_PatternFlagType
--- PASS: TestNewCmdTrigger_PatternFlagType (0.00s)
=== RUN   TestNewCmdList_PageFlagType
--- PASS: TestNewCmdList_PageFlagType (0.00s)
PASS
ok  	github.com/PhilipKram/bitbucket-cli/cmd/pipeline	2.459s
=== RUN   TestNewCmdPR_HasSubcommands
--- PASS: TestNewCmdPR_HasSubcommands (0.00s)
=== RUN   TestNewCmdPR_HasAlias
--- PASS: TestNewCmdPR_HasAlias (0.00s)
=== RUN   TestNewCmdList_HasExpectedFlags
--- PASS: TestNewCmdList_HasExpectedFlags (0.00s)
=== RUN   TestNewCmdList_StateFlag
--- PASS: TestNewCmdList_StateFlag (0.00s)
=== RUN   TestNewCmdView_HasExpectedFlags
--- PASS: TestNewCmdView_HasExpectedFlags (0.00s)
=== RUN   TestNewCmdCreate_HasExpectedFlags
--- PASS: TestNewCmdCreate_HasExpectedFlags (0.00s)
=== RUN   TestNewCmdCreate_TitleRequired
--- PASS: TestNewCmdCreate_TitleRequired (0.00s)
=== RUN   TestNewCmdCreate_TitleShorthand
--- PASS: TestNewCmdCreate_TitleShorthand (0.00s)
=== RUN   TestNewCmdMerge_HasExpectedFlags
--- PASS: TestNewCmdMerge_HasExpectedFlags (0.00s)
=== RUN   TestNewCmdMerge_CloseBranchDefault
--- PASS: TestNewCmdMerge_CloseBranchDefault (0.00s)
=== RUN   TestNewCmdApprove_NoFlags
--- PASS: TestNewCmdApprove_NoFlags (0.00s)
=== RUN   TestNewCmdUnapprove_NoFlags
--- PASS: TestNewCmdUnapprove_NoFlags (0.00s)
=== RUN   TestNewCmdDecline_NoFlags
--- PASS: TestNewCmdDecline_NoFlags (0.00s)
=== RUN   TestNewCmdComments_HasExpectedFlags
--- PASS: TestNewCmdComments_HasExpectedFlags (0.00s)
=== RUN   TestNewCmdComment_HasExpectedFlags
--- PASS: TestNewCmdComment_HasExpectedFlags (0.00s)
=== RUN   TestNewCmdComment_BodyFlagShorthand
--- PASS: TestNewCmdComment_BodyFlagShorthand (0.00s)
=== RUN   TestNewCmdDiff_NoFlags
--- PASS: TestNewCmdDiff_NoFlags (0.00s)
=== RUN   TestNewCmdActivity_HasExpectedFlags
--- PASS: TestNewCmdActivity_HasExpectedFlags (0.00s)
=== RUN   TestNewCmdEdit_HasExpectedFlags
--- PASS: TestNewCmdEdit_HasExpectedFlags (0.00s)
=== RUN   TestNewCmdEdit_TitleShorthand
--- PASS: TestNewCmdEdit_TitleShorthand (0.00s)
=== RUN   TestNewCmdList_ArgsRequired
--- PASS: TestNewCmdList_ArgsRequired (0.00s)
=== RUN   TestNewCmdView_ArgsRequired
--- PASS: TestNewCmdView_ArgsRequired (0.00s)
=== RUN   TestNewCmdMerge_ArgsRequired
--- PASS: TestNewCmdMerge_ArgsRequired (0.00s)
=== RUN   TestNewCmdApprove_ArgsRequired
--- PASS: TestNewCmdApprove_ArgsRequired (0.00s)
=== RUN   TestNewCmdComment_HasInlineCommentSupport
--- PASS: TestNewCmdComment_HasInlineCommentSupport (0.00s)
=== RUN   TestNewCmdCreate_ReviewerSliceFlag
--- PASS: TestNewCmdCreate_ReviewerSliceFlag (0.00s)
=== RUN   TestAllSubcommands_HaveShortDescription
--- PASS: TestAllSubcommands_HaveShortDescription (0.00s)
=== RUN   TestAllSubcommands_HaveRunE
--- PASS: TestAllSubcommands_HaveRunE (0.00s)
=== RUN   TestPullRequest_StructFields
--- PASS: TestPullRequest_StructFields (0.00s)
=== RUN   TestNewCmdPR_Use
--- PASS: TestNewCmdPR_Use (0.00s)
=== RUN   TestNewCmdPR_Short
--- PASS: TestNewCmdPR_Short (0.00s)
=== RUN   TestNewCmdCreate_RangeArgs
--- PASS: TestNewCmdCreate_RangeArgs (0.00s)
=== RUN   TestNewCmdEdit_DescriptionFileFlag
--- PASS: TestNewCmdEdit_DescriptionFileFlag (0.00s)
=== RUN   TestNewCmdComment_BodyFileFlag
--- PASS: TestNewCmdComment_BodyFileFlag (0.00s)
=== RUN   TestNewCmdList_PageDefault
--- PASS: TestNewCmdList_PageDefault (0.00s)
=== RUN   TestNewCmdMerge_MessageFlag
--- PASS: TestNewCmdMerge_MessageFlag (0.00s)
=== RUN   TestNewCmdCreate_SourceFlag
--- PASS: TestNewCmdCreate_SourceFlag (0.00s)
=== RUN   TestNewCmdCreate_DescriptionFlag
--- PASS: TestNewCmdCreate_DescriptionFlag (0.00s)
=== RUN   TestNewCmdEdit_DescriptionFlag
--- PASS: TestNewCmdEdit_DescriptionFlag (0.00s)
=== RUN   TestNewCmdEdit_EditorFlag
--- PASS: TestNewCmdEdit_EditorFlag (0.00s)
=== RUN   TestNewCmdComment_EditorFlag
--- PASS: TestNewCmdComment_EditorFlag (0.00s)
=== RUN   TestSubcommands_Count
--- PASS: TestSubcommands_Count (0.00s)
=== RUN   TestAllCommandConstructors
=== RUN   TestAllCommandConstructors/list
=== RUN   TestAllCommandConstructors/view
=== RUN   TestAllCommandConstructors/create
=== RUN   TestAllCommandConstructors/merge
=== RUN   TestAllCommandConstructors/approve
=== RUN   TestAllCommandConstructors/unapprove
=== RUN   TestAllCommandConstructors/decline
=== RUN   TestAllCommandConstructors/comments
=== RUN   TestAllCommandConstructors/comment
=== RUN   TestAllCommandConstructors/diff
=== RUN   TestAllCommandConstructors/activity
=== RUN   TestAllCommandConstructors/edit
--- PASS: TestAllCommandConstructors (0.00s)
    --- PASS: TestAllCommandConstructors/list (0.00s)
    --- PASS: TestAllCommandConstructors/view (0.00s)
    --- PASS: TestAllCommandConstructors/create (0.00s)
    --- PASS: TestAllCommandConstructors/merge (0.00s)
    --- PASS: TestAllCommandConstructors/approve (0.00s)
    --- PASS: TestAllCommandConstructors/unapprove (0.00s)
    --- PASS: TestAllCommandConstructors/decline (0.00s)
    --- PASS: TestAllCommandConstructors/comments (0.00s)
    --- PASS: TestAllCommandConstructors/comment (0.00s)
    --- PASS: TestAllCommandConstructors/diff (0.00s)
    --- PASS: TestAllCommandConstructors/activity (0.00s)
    --- PASS: TestAllCommandConstructors/edit (0.00s)
=== RUN   TestNewCmdList_PageShorthand
--- PASS: TestNewCmdList_PageShorthand (0.00s)
=== RUN   TestNewCmdView_JSONFlag
--- PASS: TestNewCmdView_JSONFlag (0.00s)
=== RUN   TestNewCmdComments_JSONFlag
--- PASS: TestNewCmdComments_JSONFlag (0.00s)
=== RUN   TestNewCmdActivity_JSONFlag
--- PASS: TestNewCmdActivity_JSONFlag (0.00s)
=== RUN   TestNewCmdCreate_CloseBranchFlag
--- PASS: TestNewCmdCreate_CloseBranchFlag (0.00s)
=== RUN   TestNewCmdMerge_StrategyFlag
--- PASS: TestNewCmdMerge_StrategyFlag (0.00s)
=== RUN   TestNewCmdEdit_DestinationFlag
--- PASS: TestNewCmdEdit_DestinationFlag (0.00s)
=== RUN   TestNewCmdApprove_Use
--- PASS: TestNewCmdApprove_Use (0.00s)
=== RUN   TestNewCmdUnapprove_Use
--- PASS: TestNewCmdUnapprove_Use (0.00s)
=== RUN   TestNewCmdDecline_Use
--- PASS: TestNewCmdDecline_Use (0.00s)
=== RUN   TestNewCmdDiff_Use
--- PASS: TestNewCmdDiff_Use (0.00s)
PASS
ok  	github.com/PhilipKram/bitbucket-cli/cmd/pr	2.864s
=== RUN   TestNewCmdRepo_HasSubcommands
--- PASS: TestNewCmdRepo_HasSubcommands (0.00s)
=== RUN   TestNewCmdRepo_HasAlias
--- PASS: TestNewCmdRepo_HasAlias (0.00s)
=== RUN   TestNewCmdList_HasExpectedFlags
--- PASS: TestNewCmdList_HasExpectedFlags (0.00s)
=== RUN   TestNewCmdView_HasExpectedFlags
--- PASS: TestNewCmdView_HasExpectedFlags (0.00s)
=== RUN   TestNewCmdCreate_HasExpectedFlags
--- PASS: TestNewCmdCreate_HasExpectedFlags (0.00s)
=== RUN   TestNewCmdDelete_NoExtraFlags
--- PASS: TestNewCmdDelete_NoExtraFlags (0.00s)
=== RUN   TestNewCmdFork_HasExpectedFlags
--- PASS: TestNewCmdFork_HasExpectedFlags (0.00s)
=== RUN   TestNewCmdCommits_HasExpectedFlags
--- PASS: TestNewCmdCommits_HasExpectedFlags (0.00s)
=== RUN   TestNewCmdDiff_NoExtraFlags
--- PASS: TestNewCmdDiff_NoExtraFlags (0.00s)
=== RUN   TestNewCmdCreate_DefaultFlagValues
--- PASS: TestNewCmdCreate_DefaultFlagValues (0.00s)
=== RUN   TestNewCmdList_DefaultPageValue
--- PASS: TestNewCmdList_DefaultPageValue (0.00s)
=== RUN   TestNewCmdCommits_DefaultPageValue
--- PASS: TestNewCmdCommits_DefaultPageValue (0.00s)
=== RUN   TestNewCmdList_ShortFlags
--- PASS: TestNewCmdList_ShortFlags (0.00s)
=== RUN   TestNewCmdCreate_ShortFlags
--- PASS: TestNewCmdCreate_ShortFlags (0.00s)
=== RUN   TestNewCmdFork_ShortFlags
--- PASS: TestNewCmdFork_ShortFlags (0.00s)
=== RUN   TestNewCmdCommits_ShortFlags
--- PASS: TestNewCmdCommits_ShortFlags (0.00s)
=== RUN   TestNewCmdView_RequiresArgs
--- PASS: TestNewCmdView_RequiresArgs (0.00s)
=== RUN   TestNewCmdCreate_RequiresArgs
--- PASS: TestNewCmdCreate_RequiresArgs (0.00s)
=== RUN   TestNewCmdDelete_RequiresArgs
--- PASS: TestNewCmdDelete_RequiresArgs (0.00s)
=== RUN   TestNewCmdFork_RequiresArgs
--- PASS: TestNewCmdFork_RequiresArgs (0.00s)
=== RUN   TestNewCmdCommits_RequiresArgs
--- PASS: TestNewCmdCommits_RequiresArgs (0.00s)
=== RUN   TestNewCmdDiff_RequiresArgs
--- PASS: TestNewCmdDiff_RequiresArgs (0.00s)
=== RUN   TestRepository_JSONMarshaling
--- PASS: TestRepository_JSONMarshaling (0.00s)
=== RUN   TestNewCmdRepo_CommandStructure
--- PASS: TestNewCmdRepo_CommandStructure (0.00s)
=== RUN   TestNewCmdList_CommandStructure
--- PASS: TestNewCmdList_CommandStructure (0.00s)
=== RUN   TestNewCmdView_CommandStructure
--- PASS: TestNewCmdView_CommandStructure (0.00s)
=== RUN   TestNewCmdCreate_CommandStructure
--- PASS: TestNewCmdCreate_CommandStructure (0.00s)
=== RUN   TestNewCmdDelete_CommandStructure
--- PASS: TestNewCmdDelete_CommandStructure (0.00s)
=== RUN   TestNewCmdFork_CommandStructure
--- PASS: TestNewCmdFork_CommandStructure (0.00s)
=== RUN   TestNewCmdCommits_CommandStructure
--- PASS: TestNewCmdCommits_CommandStructure (0.00s)
=== RUN   TestNewCmdDiff_CommandStructure
--- PASS: TestNewCmdDiff_CommandStructure (0.00s)
=== RUN   TestNewCmdList_Direct_HasUseAndShort
--- PASS: TestNewCmdList_Direct_HasUseAndShort (0.00s)
=== RUN   TestNewCmdView_Direct_HasUseAndShort
--- PASS: TestNewCmdView_Direct_HasUseAndShort (0.00s)
=== RUN   TestNewCmdCreate_Direct_HasUseAndShort
--- PASS: TestNewCmdCreate_Direct_HasUseAndShort (0.00s)
=== RUN   TestNewCmdDelete_Direct_HasUseAndShort
--- PASS: TestNewCmdDelete_Direct_HasUseAndShort (0.00s)
=== RUN   TestNewCmdFork_Direct_HasUseAndShort
--- PASS: TestNewCmdFork_Direct_HasUseAndShort (0.00s)
=== RUN   TestNewCmdCommits_Direct_HasUseAndShort
--- PASS: TestNewCmdCommits_Direct_HasUseAndShort (0.00s)
=== RUN   TestNewCmdDiff_Direct_HasUseAndShort
--- PASS: TestNewCmdDiff_Direct_HasUseAndShort (0.00s)
=== RUN   TestNewCmdList_Direct_HasRunE
--- PASS: TestNewCmdList_Direct_HasRunE (0.00s)
=== RUN   TestNewCmdView_Direct_HasRunE
--- PASS: TestNewCmdView_Direct_HasRunE (0.00s)
=== RUN   TestNewCmdCreate_Direct_HasRunE
--- PASS: TestNewCmdCreate_Direct_HasRunE (0.00s)
=== RUN   TestNewCmdDelete_Direct_HasRunE
--- PASS: TestNewCmdDelete_Direct_HasRunE (0.00s)
=== RUN   TestNewCmdFork_Direct_HasRunE
--- PASS: TestNewCmdFork_Direct_HasRunE (0.00s)
=== RUN   TestNewCmdCommits_Direct_HasRunE
--- PASS: TestNewCmdCommits_Direct_HasRunE (0.00s)
=== RUN   TestNewCmdDiff_Direct_HasRunE
--- PASS: TestNewCmdDiff_Direct_HasRunE (0.00s)
=== RUN   TestNewCmdList_Direct_ArgsValidation
--- PASS: TestNewCmdList_Direct_ArgsValidation (0.00s)
=== RUN   TestNewCmdView_Direct_ArgsValidation
--- PASS: TestNewCmdView_Direct_ArgsValidation (0.00s)
=== RUN   TestNewCmdCreate_Direct_ArgsValidation
--- PASS: TestNewCmdCreate_Direct_ArgsValidation (0.00s)
=== RUN   TestNewCmdDelete_Direct_ArgsValidation
--- PASS: TestNewCmdDelete_Direct_ArgsValidation (0.00s)
=== RUN   TestNewCmdFork_Direct_ArgsValidation
--- PASS: TestNewCmdFork_Direct_ArgsValidation (0.00s)
=== RUN   TestNewCmdCommits_Direct_ArgsValidation
--- PASS: TestNewCmdCommits_Direct_ArgsValidation (0.00s)
=== RUN   TestNewCmdDiff_Direct_ArgsValidation
--- PASS: TestNewCmdDiff_Direct_ArgsValidation (0.00s)
=== RUN   TestRepository_MainBranchNil
--- PASS: TestRepository_MainBranchNil (0.00s)
=== RUN   TestRepository_WithMainBranch
--- PASS: TestRepository_WithMainBranch (0.00s)
=== RUN   TestNewCmdList_Direct_HasFlags
--- PASS: TestNewCmdList_Direct_HasFlags (0.00s)
=== RUN   TestNewCmdView_Direct_HasFlags
--- PASS: TestNewCmdView_Direct_HasFlags (0.00s)
=== RUN   TestNewCmdCreate_Direct_HasFlags
--- PASS: TestNewCmdCreate_Direct_HasFlags (0.00s)
=== RUN   TestNewCmdFork_Direct_HasFlags
--- PASS: TestNewCmdFork_Direct_HasFlags (0.00s)
=== RUN   TestNewCmdCommits_Direct_HasFlags
--- PASS: TestNewCmdCommits_Direct_HasFlags (0.00s)
=== RUN   TestNewCmdList_Direct_DefaultValues
--- PASS: TestNewCmdList_Direct_DefaultValues (0.00s)
=== RUN   TestNewCmdCommits_Direct_DefaultValues
--- PASS: TestNewCmdCommits_Direct_DefaultValues (0.00s)
=== RUN   TestNewCmdCreate_Direct_DefaultValues
--- PASS: TestNewCmdCreate_Direct_DefaultValues (0.00s)
=== RUN   TestNewCmdList_Direct_ShortFlags
--- PASS: TestNewCmdList_Direct_ShortFlags (0.00s)
=== RUN   TestNewCmdCreate_Direct_ShortFlags
--- PASS: TestNewCmdCreate_Direct_ShortFlags (0.00s)
=== RUN   TestNewCmdFork_Direct_ShortFlags
--- PASS: TestNewCmdFork_Direct_ShortFlags (0.00s)
=== RUN   TestNewCmdCommits_Direct_ShortFlags
--- PASS: TestNewCmdCommits_Direct_ShortFlags (0.00s)
=== RUN   TestRepository_CompleteStruct
--- PASS: TestRepository_CompleteStruct (0.00s)
PASS
ok  	github.com/PhilipKram/bitbucket-cli/cmd/repo	3.232s
=== RUN   TestNewCmdSnippet_HasSubcommands
--- PASS: TestNewCmdSnippet_HasSubcommands (0.00s)
=== RUN   TestNewCmdList_HasExpectedFlags
--- PASS: TestNewCmdList_HasExpectedFlags (0.00s)
=== RUN   TestNewCmdList_WorkspaceFlagShorthand
--- PASS: TestNewCmdList_WorkspaceFlagShorthand (0.00s)
=== RUN   TestNewCmdView_RequiresArg
--- PASS: TestNewCmdView_RequiresArg (0.00s)
=== RUN   TestNewCmdView_HasExpectedFlags
--- PASS: TestNewCmdView_HasExpectedFlags (0.00s)
=== RUN   TestNewCmdCreate_HasExpectedFlags
--- PASS: TestNewCmdCreate_HasExpectedFlags (0.00s)
=== RUN   TestNewCmdCreate_TitleFlagShorthand
--- PASS: TestNewCmdCreate_TitleFlagShorthand (0.00s)
=== RUN   TestNewCmdCreate_ContentFlagShorthand
--- PASS: TestNewCmdCreate_ContentFlagShorthand (0.00s)
=== RUN   TestNewCmdDelete_RequiresArg
--- PASS: TestNewCmdDelete_RequiresArg (0.00s)
=== RUN   TestNewCmdDelete_HasWorkspaceFlag
--- PASS: TestNewCmdDelete_HasWorkspaceFlag (0.00s)
PASS
ok  	github.com/PhilipKram/bitbucket-cli/cmd/snippet	3.685s
=== RUN   TestNewCmdUser_HasSubcommands
--- PASS: TestNewCmdUser_HasSubcommands (0.00s)
=== RUN   TestNewCmdMe_HasJsonFlag
--- PASS: TestNewCmdMe_HasJsonFlag (0.00s)
=== RUN   TestNewCmdView_RequiresArg
--- PASS: TestNewCmdView_RequiresArg (0.00s)
=== RUN   TestNewCmdView_HasJsonFlag
--- PASS: TestNewCmdView_HasJsonFlag (0.00s)
=== RUN   TestNewCmdEmails_HasJsonFlag
--- PASS: TestNewCmdEmails_HasJsonFlag (0.00s)
=== RUN   TestNewCmdSSHKeys_HasJsonFlag
--- PASS: TestNewCmdSSHKeys_HasJsonFlag (0.00s)
=== RUN   TestNewCmdSSHKeyAdd_HasExpectedFlags
--- PASS: TestNewCmdSSHKeyAdd_HasExpectedFlags (0.00s)
=== RUN   TestNewCmdSSHKeyAdd_KeyFlagRequired
--- PASS: TestNewCmdSSHKeyAdd_KeyFlagRequired (0.00s)
PASS
ok  	github.com/PhilipKram/bitbucket-cli/cmd/user	3.890s
=== RUN   TestNewCmdWorkspace_HasSubcommands
--- PASS: TestNewCmdWorkspace_HasSubcommands (0.00s)
=== RUN   TestNewCmdWorkspace_HasAliases
--- PASS: TestNewCmdWorkspace_HasAliases (0.00s)
=== RUN   TestNewCmdList_HasJsonFlag
--- PASS: TestNewCmdList_HasJsonFlag (0.00s)
=== RUN   TestNewCmdView_RequiresArg
--- PASS: TestNewCmdView_RequiresArg (0.00s)
=== RUN   TestNewCmdMembers_HasJsonFlag
--- PASS: TestNewCmdMembers_HasJsonFlag (0.00s)
=== RUN   TestNewCmdProjects_HasJsonFlag
--- PASS: TestNewCmdProjects_HasJsonFlag (0.00s)
=== RUN   TestNewCmdProjectCreate_HasExpectedFlags
--- PASS: TestNewCmdProjectCreate_HasExpectedFlags (0.00s)
=== RUN   TestNewCmdProjectCreate_RequiresArgs
--- PASS: TestNewCmdProjectCreate_RequiresArgs (0.00s)
=== RUN   TestNewCmdPermissions_HasJsonFlag
--- PASS: TestNewCmdPermissions_HasJsonFlag (0.00s)
PASS
ok  	github.com/PhilipKram/bitbucket-cli/cmd/workspace	4.443s
=== RUN   TestClient_Get
--- PASS: TestClient_Get (0.00s)
=== RUN   TestClient_Post_BodyBuffering
--- PASS: TestClient_Post_BodyBuffering (0.00s)
=== RUN   TestClient_Post_SkippedBuffering
--- PASS: TestClient_Post_SkippedBuffering (0.00s)
=== RUN   TestClient_Post_EmptyBody
--- PASS: TestClient_Post_EmptyBody (0.00s)
=== RUN   TestClient_Post_WithJsonBody
--- PASS: TestClient_Post_WithJsonBody (0.00s)
=== RUN   TestClient_HandleResponse_NotFound
--- PASS: TestClient_HandleResponse_NotFound (0.00s)
=== RUN   TestClient_GetPaginated_Success
--- PASS: TestClient_GetPaginated_Success (0.00s)
=== RUN   TestClient_GetPaginated_EmptyValues
--- PASS: TestClient_GetPaginated_EmptyValues (0.00s)
=== RUN   TestClient_GetPaginated_NotFound
--- PASS: TestClient_GetPaginated_NotFound (0.00s)
=== RUN   TestClient_GetPaginated_InvalidJSON
--- PASS: TestClient_GetPaginated_InvalidJSON (0.00s)
=== RUN   TestClient_GetPaginated_MissingValuesField
--- PASS: TestClient_GetPaginated_MissingValuesField (0.00s)
=== RUN   TestClient_GetPaginated_ComplexType
--- PASS: TestClient_GetPaginated_ComplexType (0.00s)
=== RUN   TestClient_HandleResponse_Unauthorized
--- PASS: TestClient_HandleResponse_Unauthorized (0.00s)
=== RUN   TestClient_HandleResponse_Forbidden
--- PASS: TestClient_HandleResponse_Forbidden (0.00s)
=== RUN   TestClient_HandleResponse_RateLimit
--- PASS: TestClient_HandleResponse_RateLimit (0.00s)
=== RUN   TestClient_HandleResponse_BadRequest
--- PASS: TestClient_HandleResponse_BadRequest (0.00s)
=== RUN   TestClient_HandleResponse_Conflict
--- PASS: TestClient_HandleResponse_Conflict (0.00s)
=== RUN   TestClient_HandleResponse_ServerError
=== RUN   TestClient_HandleResponse_ServerError/500_Internal_Server_Error
=== RUN   TestClient_HandleResponse_ServerError/502_Bad_Gateway
=== RUN   TestClient_HandleResponse_ServerError/503_Service_Unavailable
--- PASS: TestClient_HandleResponse_ServerError (0.00s)
    --- PASS: TestClient_HandleResponse_ServerError/500_Internal_Server_Error (0.00s)
    --- PASS: TestClient_HandleResponse_ServerError/502_Bad_Gateway (0.00s)
    --- PASS: TestClient_HandleResponse_ServerError/503_Service_Unavailable (0.00s)
=== RUN   TestClient_HandleResponse_GenericError
--- PASS: TestClient_HandleResponse_GenericError (0.00s)
=== RUN   TestClient_Delete_NoContent
--- PASS: TestClient_Delete_NoContent (0.00s)
=== RUN   TestClient_OAuthAuth_Header
--- PASS: TestClient_OAuthAuth_Header (0.00s)
=== RUN   TestClient_Pagination
--- PASS: TestClient_Pagination (0.00s)
=== RUN   TestClient_PaginationFollowNext
--- PASS: TestClient_PaginationFollowNext (0.00s)
=== RUN   TestClient_ErrorHandling_BadRequest
--- PASS: TestClient_ErrorHandling_BadRequest (0.00s)
=== RUN   TestClient_ErrorHandling_Forbidden
--- PASS: TestClient_ErrorHandling_Forbidden (0.00s)
=== RUN   TestClient_ErrorHandling_ServerError
--- PASS: TestClient_ErrorHandling_ServerError (0.00s)
=== RUN   TestClient_ErrorHandling_EmptyResponse
--- PASS: TestClient_ErrorHandling_EmptyResponse (0.00s)
=== RUN   TestClient_TokenRefresh_Unauthorized
--- PASS: TestClient_TokenRefresh_Unauthorized (0.00s)
=== RUN   TestClient_TokenRefresh_NoRefreshToken
--- PASS: TestClient_TokenRefresh_NoRefreshToken (0.00s)
=== RUN   TestClient_Put_Success
--- PASS: TestClient_Put_Success (0.00s)
=== RUN   TestClient_PostForm_Success
--- PASS: TestClient_PostForm_Success (0.00s)
=== RUN   TestClient_GetConfig
--- PASS: TestClient_GetConfig (0.00s)
=== RUN   TestClient_Post_Success
--- PASS: TestClient_Post_Success (0.00s)
=== RUN   TestClient_DoRequest_NilBody
--- PASS: TestClient_DoRequest_NilBody (0.00s)
=== RUN   TestClient_DoRequest_WithContentType
--- PASS: TestClient_DoRequest_WithContentType (0.00s)
=== RUN   TestClient_ErrorHandling_NetworkError
--- PASS: TestClient_ErrorHandling_NetworkError (0.00s)
=== RUN   TestClient_MultipleErrorStatusCodes
=== RUN   TestClient_MultipleErrorStatusCodes/BadRequest
=== RUN   TestClient_MultipleErrorStatusCodes/Unauthorized
=== RUN   TestClient_MultipleErrorStatusCodes/Forbidden
=== RUN   TestClient_MultipleErrorStatusCodes/NotFound
=== RUN   TestClient_MultipleErrorStatusCodes/MethodNotAllowed
=== RUN   TestClient_MultipleErrorStatusCodes/Conflict
=== RUN   TestClient_MultipleErrorStatusCodes/InternalServerError
=== RUN   TestClient_MultipleErrorStatusCodes/BadGateway
=== RUN   TestClient_MultipleErrorStatusCodes/ServiceUnavailable
--- PASS: TestClient_MultipleErrorStatusCodes (0.00s)
    --- PASS: TestClient_MultipleErrorStatusCodes/BadRequest (0.00s)
    --- PASS: TestClient_MultipleErrorStatusCodes/Unauthorized (0.00s)
    --- PASS: TestClient_MultipleErrorStatusCodes/Forbidden (0.00s)
    --- PASS: TestClient_MultipleErrorStatusCodes/NotFound (0.00s)
    --- PASS: TestClient_MultipleErrorStatusCodes/MethodNotAllowed (0.00s)
    --- PASS: TestClient_MultipleErrorStatusCodes/Conflict (0.00s)
    --- PASS: TestClient_MultipleErrorStatusCodes/InternalServerError (0.00s)
    --- PASS: TestClient_MultipleErrorStatusCodes/BadGateway (0.00s)
    --- PASS: TestClient_MultipleErrorStatusCodes/ServiceUnavailable (0.00s)
=== RUN   TestClient_SuccessStatusCodes
=== RUN   TestClient_SuccessStatusCodes/OK
=== RUN   TestClient_SuccessStatusCodes/Created
=== RUN   TestClient_SuccessStatusCodes/Accepted
=== RUN   TestClient_SuccessStatusCodes/NoContent
--- PASS: TestClient_SuccessStatusCodes (0.00s)
    --- PASS: TestClient_SuccessStatusCodes/OK (0.00s)
    --- PASS: TestClient_SuccessStatusCodes/Created (0.00s)
    --- PASS: TestClient_SuccessStatusCodes/Accepted (0.00s)
    --- PASS: TestClient_SuccessStatusCodes/NoContent (0.00s)
=== RUN   TestClient_Delete_WithBody
--- PASS: TestClient_Delete_WithBody (0.00s)
=== RUN   TestClient_TokenRefresh_WithOAuthConfig
--- PASS: TestClient_TokenRefresh_WithOAuthConfig (0.00s)
=== RUN   TestClient_TokenRefresh_NoOAuthConfig
--- PASS: TestClient_TokenRefresh_NoOAuthConfig (0.00s)
=== RUN   TestClient_HandleResponse_ReadError
--- PASS: TestClient_HandleResponse_ReadError (0.00s)
=== RUN   TestClient_SetAuth
--- PASS: TestClient_SetAuth (0.00s)
=== RUN   TestClient_Pagination_EmptyNext
--- PASS: TestClient_Pagination_EmptyNext (0.00s)
=== RUN   TestClient_AllHTTPMethods
=== RUN   TestClient_AllHTTPMethods/GET
=== RUN   TestClient_AllHTTPMethods/POST
=== RUN   TestClient_AllHTTPMethods/PUT
=== RUN   TestClient_AllHTTPMethods/DELETE
--- PASS: TestClient_AllHTTPMethods (0.00s)
    --- PASS: TestClient_AllHTTPMethods/GET (0.00s)
    --- PASS: TestClient_AllHTTPMethods/POST (0.00s)
    --- PASS: TestClient_AllHTTPMethods/PUT (0.00s)
    --- PASS: TestClient_AllHTTPMethods/DELETE (0.00s)
=== RUN   TestClient_LargeResponseBody
--- PASS: TestClient_LargeResponseBody (0.00s)
=== RUN   TestClient_Get_WithBitbucketAPI
--- PASS: TestClient_Get_WithBitbucketAPI (0.00s)
=== RUN   TestClient_Post_WithBitbucketAPI
--- PASS: TestClient_Post_WithBitbucketAPI (0.00s)
=== RUN   TestClient_Put_WithBitbucketAPI
--- PASS: TestClient_Put_WithBitbucketAPI (0.00s)
=== RUN   TestClient_Delete_WithBitbucketAPI
--- PASS: TestClient_Delete_WithBitbucketAPI (0.00s)
=== RUN   TestClient_PostForm_WithBitbucketAPI
--- PASS: TestClient_PostForm_WithBitbucketAPI (0.00s)
=== RUN   TestClient_TransportDefaults
--- PASS: TestClient_TransportDefaults (0.00s)
=== RUN   TestClient_TransportCustomValues
=== RUN   TestClient_TransportCustomValues/all_custom_values
=== RUN   TestClient_TransportCustomValues/only_max_idle_conns_custom
=== RUN   TestClient_TransportCustomValues/only_max_idle_per_host_custom
=== RUN   TestClient_TransportCustomValues/only_idle_timeout_custom
--- PASS: TestClient_TransportCustomValues (0.01s)
    --- PASS: TestClient_TransportCustomValues/all_custom_values (0.00s)
    --- PASS: TestClient_TransportCustomValues/only_max_idle_conns_custom (0.00s)
    --- PASS: TestClient_TransportCustomValues/only_max_idle_per_host_custom (0.00s)
    --- PASS: TestClient_TransportCustomValues/only_idle_timeout_custom (0.00s)
=== RUN   TestClient_TransportInvalidValues
=== RUN   TestClient_TransportInvalidValues/non-numeric_values
=== RUN   TestClient_TransportInvalidValues/negative_values
=== RUN   TestClient_TransportInvalidValues/zero_values
=== RUN   TestClient_TransportInvalidValues/mixed_invalid_and_valid
--- PASS: TestClient_TransportInvalidValues (0.00s)
    --- PASS: TestClient_TransportInvalidValues/non-numeric_values (0.00s)
    --- PASS: TestClient_TransportInvalidValues/negative_values (0.00s)
    --- PASS: TestClient_TransportInvalidValues/zero_values (0.00s)
    --- PASS: TestClient_TransportInvalidValues/mixed_invalid_and_valid (0.00s)
=== RUN   TestClient_TransportAttachedToHTTPClient
--- PASS: TestClient_TransportAttachedToHTTPClient (0.00s)
PASS
ok  	github.com/PhilipKram/bitbucket-cli/internal/api	4.521s
=== RUN   TestRefreshAccessToken_Success
--- PASS: TestRefreshAccessToken_Success (0.00s)
=== RUN   TestRefreshAccessToken_ServerError
--- PASS: TestRefreshAccessToken_ServerError (0.00s)
=== RUN   TestRefreshAccessToken_InvalidJSON
--- PASS: TestRefreshAccessToken_InvalidJSON (0.00s)
=== RUN   TestCallbackHandler_HTMLEscaping
--- PASS: TestCallbackHandler_HTMLEscaping (0.00s)
=== RUN   TestExchangeCode_Success
--- PASS: TestExchangeCode_Success (0.00s)
=== RUN   TestExchangeCode_HTTPError
--- PASS: TestExchangeCode_HTTPError (0.00s)
=== RUN   TestExchangeCode_InvalidJSON
--- PASS: TestExchangeCode_InvalidJSON (0.00s)
=== RUN   TestRefreshAccessToken_NetworkError
--- PASS: TestRefreshAccessToken_NetworkError (0.00s)
=== RUN   TestExchangeCode_NetworkError
--- PASS: TestExchangeCode_NetworkError (0.00s)
=== RUN   TestExchangeCode_EmptyResponse
--- PASS: TestExchangeCode_EmptyResponse (0.00s)
=== RUN   TestRefreshAccessToken_EmptyResponse
--- PASS: TestRefreshAccessToken_EmptyResponse (0.00s)
=== RUN   TestExchangeCode_MissingFields
--- PASS: TestExchangeCode_MissingFields (0.00s)
=== RUN   TestRefreshAccessToken_MissingFields
--- PASS: TestRefreshAccessToken_MissingFields (0.00s)
=== RUN   TestExchangeCode_VariousHTTPErrors
=== RUN   TestExchangeCode_VariousHTTPErrors/Unauthorized
=== RUN   TestExchangeCode_VariousHTTPErrors/Forbidden
=== RUN   TestExchangeCode_VariousHTTPErrors/Internal_Server_Error
=== RUN   TestExchangeCode_VariousHTTPErrors/Bad_Gateway
--- PASS: TestExchangeCode_VariousHTTPErrors (0.00s)
    --- PASS: TestExchangeCode_VariousHTTPErrors/Unauthorized (0.00s)
    --- PASS: TestExchangeCode_VariousHTTPErrors/Forbidden (0.00s)
    --- PASS: TestExchangeCode_VariousHTTPErrors/Internal_Server_Error (0.00s)
    --- PASS: TestExchangeCode_VariousHTTPErrors/Bad_Gateway (0.00s)
=== RUN   TestRefreshAccessToken_VariousHTTPErrors
=== RUN   TestRefreshAccessToken_VariousHTTPErrors/Unauthorized
=== RUN   TestRefreshAccessToken_VariousHTTPErrors/Bad_Request
=== RUN   TestRefreshAccessToken_VariousHTTPErrors/Service_Unavailable
--- PASS: TestRefreshAccessToken_VariousHTTPErrors (0.00s)
    --- PASS: TestRefreshAccessToken_VariousHTTPErrors/Unauthorized (0.00s)
    --- PASS: TestRefreshAccessToken_VariousHTTPErrors/Bad_Request (0.00s)
    --- PASS: TestRefreshAccessToken_VariousHTTPErrors/Service_Unavailable (0.00s)
PASS
ok  	github.com/PhilipKram/bitbucket-cli/internal/auth	4.467s
=== RUN   TestResolveBody_NoInput
--- PASS: TestResolveBody_NoInput (0.00s)
=== RUN   TestResolveBody_MultipleInputs
=== RUN   TestResolveBody_MultipleInputs/body+file
=== RUN   TestResolveBody_MultipleInputs/body+editor
=== RUN   TestResolveBody_MultipleInputs/file+editor
=== RUN   TestResolveBody_MultipleInputs/all_three
--- PASS: TestResolveBody_MultipleInputs (0.00s)
    --- PASS: TestResolveBody_MultipleInputs/body+file (0.00s)
    --- PASS: TestResolveBody_MultipleInputs/body+editor (0.00s)
    --- PASS: TestResolveBody_MultipleInputs/file+editor (0.00s)
    --- PASS: TestResolveBody_MultipleInputs/all_three (0.00s)
=== RUN   TestResolveBody_BodyText
--- PASS: TestResolveBody_BodyText (0.00s)
=== RUN   TestResolveBody_BodyWhitespaceOnly
--- PASS: TestResolveBody_BodyWhitespaceOnly (0.00s)
=== RUN   TestResolveBody_BodyFile
--- PASS: TestResolveBody_BodyFile (0.00s)
=== RUN   TestResolveBody_BodyFileMissing
--- PASS: TestResolveBody_BodyFileMissing (0.00s)
=== RUN   TestResolveBody_BodyFileEmpty
--- PASS: TestResolveBody_BodyFileEmpty (0.00s)
=== RUN   TestNormalizeUUID_EmptyString
--- PASS: TestNormalizeUUID_EmptyString (0.00s)
=== RUN   TestNormalizeUUID_Whitespace
--- PASS: TestNormalizeUUID_Whitespace (0.00s)
=== RUN   TestNormalizeUUID_WithBraces
=== RUN   TestNormalizeUUID_WithBraces/standard_UUID_with_braces
=== RUN   TestNormalizeUUID_WithBraces/UUID_with_braces_and_spaces
=== RUN   TestNormalizeUUID_WithBraces/complex_UUID
--- PASS: TestNormalizeUUID_WithBraces (0.00s)
    --- PASS: TestNormalizeUUID_WithBraces/standard_UUID_with_braces (0.00s)
    --- PASS: TestNormalizeUUID_WithBraces/UUID_with_braces_and_spaces (0.00s)
    --- PASS: TestNormalizeUUID_WithBraces/complex_UUID (0.00s)
=== RUN   TestNormalizeUUID_AlreadyEncoded
=== RUN   TestNormalizeUUID_AlreadyEncoded/uppercase_encoding
=== RUN   TestNormalizeUUID_AlreadyEncoded/lowercase_encoding
=== RUN   TestNormalizeUUID_AlreadyEncoded/mixed_case_encoding
=== RUN   TestNormalizeUUID_AlreadyEncoded/partial_encoding
--- PASS: TestNormalizeUUID_AlreadyEncoded (0.00s)
    --- PASS: TestNormalizeUUID_AlreadyEncoded/uppercase_encoding (0.00s)
    --- PASS: TestNormalizeUUID_AlreadyEncoded/lowercase_encoding (0.00s)
    --- PASS: TestNormalizeUUID_AlreadyEncoded/mixed_case_encoding (0.00s)
    --- PASS: TestNormalizeUUID_AlreadyEncoded/partial_encoding (0.00s)
=== RUN   TestNormalizeUUID_NoBraces
=== RUN   TestNormalizeUUID_NoBraces/plain_UUID
=== RUN   TestNormalizeUUID_NoBraces/numeric_ID
=== RUN   TestNormalizeUUID_NoBraces/alphanumeric_ID
=== RUN   TestNormalizeUUID_NoBraces/UUID_with_spaces_trimmed
--- PASS: TestNormalizeUUID_NoBraces (0.00s)
    --- PASS: TestNormalizeUUID_NoBraces/plain_UUID (0.00s)
    --- PASS: TestNormalizeUUID_NoBraces/numeric_ID (0.00s)
    --- PASS: TestNormalizeUUID_NoBraces/alphanumeric_ID (0.00s)
    --- PASS: TestNormalizeUUID_NoBraces/UUID_with_spaces_trimmed (0.00s)
=== RUN   TestValidateUUID_Empty
--- PASS: TestValidateUUID_Empty (0.00s)
=== RUN   TestValidateUUID_Whitespace
--- PASS: TestValidateUUID_Whitespace (0.00s)
=== RUN   TestValidateUUID_JustBraces
--- PASS: TestValidateUUID_JustBraces (0.00s)
=== RUN   TestValidateUUID_InvalidEncoding
--- PASS: TestValidateUUID_InvalidEncoding (0.00s)
=== RUN   TestValidateUUID_Valid
=== RUN   TestValidateUUID_Valid/standard_UUID_with_braces
=== RUN   TestValidateUUID_Valid/UUID_without_braces
=== RUN   TestValidateUUID_Valid/URL-encoded_UUID
=== RUN   TestValidateUUID_Valid/numeric_ID
=== RUN   TestValidateUUID_Valid/alphanumeric_ID
=== RUN   TestValidateUUID_Valid/UUID_with_spaces
=== RUN   TestValidateUUID_Valid/short_UUID_format
--- PASS: TestValidateUUID_Valid (0.00s)
    --- PASS: TestValidateUUID_Valid/standard_UUID_with_braces (0.00s)
    --- PASS: TestValidateUUID_Valid/UUID_without_braces (0.00s)
    --- PASS: TestValidateUUID_Valid/URL-encoded_UUID (0.00s)
    --- PASS: TestValidateUUID_Valid/numeric_ID (0.00s)
    --- PASS: TestValidateUUID_Valid/alphanumeric_ID (0.00s)
    --- PASS: TestValidateUUID_Valid/UUID_with_spaces (0.00s)
    --- PASS: TestValidateUUID_Valid/short_UUID_format (0.00s)
PASS
ok  	github.com/PhilipKram/bitbucket-cli/internal/cmdutil	4.451s
=== RUN   TestConfigDir_UsesUserConfigDir
--- PASS: TestConfigDir_UsesUserConfigDir (0.00s)
=== RUN   TestSaveAndLoadConfig
--- PASS: TestSaveAndLoadConfig (0.01s)
=== RUN   TestLoadConfig_DefaultsWhenMissing
--- PASS: TestLoadConfig_DefaultsWhenMissing (0.00s)
=== RUN   TestSaveAndLoadToken
--- PASS: TestSaveAndLoadToken (0.00s)
=== RUN   TestClearToken
--- PASS: TestClearToken (0.00s)
=== RUN   TestClearToken_NoFile
--- PASS: TestClearToken_NoFile (0.00s)
PASS
ok  	github.com/PhilipKram/bitbucket-cli/internal/config	4.473s
=== RUN   TestParseAPIError_Unauthorized
--- PASS: TestParseAPIError_Unauthorized (0.00s)
=== RUN   TestParseAPIError_Forbidden
--- PASS: TestParseAPIError_Forbidden (0.00s)
=== RUN   TestParseAPIError_NotFound
--- PASS: TestParseAPIError_NotFound (0.00s)
=== RUN   TestParseAPIError_RateLimit
--- PASS: TestParseAPIError_RateLimit (0.00s)
=== RUN   TestParseAPIError_BadRequest
--- PASS: TestParseAPIError_BadRequest (0.00s)
=== RUN   TestParseAPIError_Conflict
--- PASS: TestParseAPIError_Conflict (0.00s)
=== RUN   TestParseAPIError_ServerError
=== RUN   TestParseAPIError_ServerError/500_Internal_Server_Error
=== RUN   TestParseAPIError_ServerError/502_Bad_Gateway
=== RUN   TestParseAPIError_ServerError/503_Service_Unavailable
--- PASS: TestParseAPIError_ServerError (0.00s)
    --- PASS: TestParseAPIError_ServerError/500_Internal_Server_Error (0.00s)
    --- PASS: TestParseAPIError_ServerError/502_Bad_Gateway (0.00s)
    --- PASS: TestParseAPIError_ServerError/503_Service_Unavailable (0.00s)
=== RUN   TestParseAPIError_GenericError
--- PASS: TestParseAPIError_GenericError (0.00s)
=== RUN   TestParseAPIError_EmptyBody
--- PASS: TestParseAPIError_EmptyBody (0.00s)
=== RUN   TestParseAPIError_InvalidJSON
--- PASS: TestParseAPIError_InvalidJSON (0.00s)
=== RUN   TestParseAPIError_LongErrorMessage
--- PASS: TestParseAPIError_LongErrorMessage (0.00s)
=== RUN   TestParseAPIError_AlternateMessageField
--- PASS: TestParseAPIError_AlternateMessageField (0.00s)
=== RUN   TestExtractRateLimitReset_ThroughParseAPIError
=== RUN   TestExtractRateLimitReset_ThroughParseAPIError/with_Unix_timestamp_in_future
=== RUN   TestExtractRateLimitReset_ThroughParseAPIError/without_header
--- PASS: TestExtractRateLimitReset_ThroughParseAPIError (0.00s)
    --- PASS: TestExtractRateLimitReset_ThroughParseAPIError/with_Unix_timestamp_in_future (0.00s)
    --- PASS: TestExtractRateLimitReset_ThroughParseAPIError/without_header (0.00s)
=== RUN   TestIsNotFound
--- PASS: TestIsNotFound (0.00s)
=== RUN   TestIsUnauthorized
--- PASS: TestIsUnauthorized (0.00s)
=== RUN   TestIsForbidden
--- PASS: TestIsForbidden (0.00s)
=== RUN   TestIsRateLimit
--- PASS: TestIsRateLimit (0.00s)
=== RUN   TestParseAPIError_Integration
--- PASS: TestParseAPIError_Integration (0.00s)
=== RUN   TestBBError_Error
=== RUN   TestBBError_Error/message_only
=== RUN   TestBBError_Error/message_with_suggestion
=== RUN   TestBBError_Error/message_with_underlying_error
=== RUN   TestBBError_Error/complete_error_with_all_fields
--- PASS: TestBBError_Error (0.00s)
    --- PASS: TestBBError_Error/message_only (0.00s)
    --- PASS: TestBBError_Error/message_with_suggestion (0.00s)
    --- PASS: TestBBError_Error/message_with_underlying_error (0.00s)
    --- PASS: TestBBError_Error/complete_error_with_all_fields (0.00s)
=== RUN   TestBBError_Unwrap
--- PASS: TestBBError_Unwrap (0.00s)
=== RUN   TestNew
--- PASS: TestNew (0.00s)
=== RUN   TestWrap
--- PASS: TestWrap (0.00s)
=== RUN   TestWithSuggestion
=== RUN   TestWithSuggestion/add_suggestion_to_BBError
=== RUN   TestWithSuggestion/convert_standard_error_to_BBError_with_suggestion
--- PASS: TestWithSuggestion (0.00s)
    --- PASS: TestWithSuggestion/add_suggestion_to_BBError (0.00s)
    --- PASS: TestWithSuggestion/convert_standard_error_to_BBError_with_suggestion (0.00s)
=== RUN   TestNotFound
--- PASS: TestNotFound (0.00s)
=== RUN   TestUnauthorized
=== RUN   TestUnauthorized/with_custom_message
=== RUN   TestUnauthorized/with_empty_message
--- PASS: TestUnauthorized (0.00s)
    --- PASS: TestUnauthorized/with_custom_message (0.00s)
    --- PASS: TestUnauthorized/with_empty_message (0.00s)
=== RUN   TestForbidden
=== RUN   TestForbidden/with_action
=== RUN   TestForbidden/without_action
--- PASS: TestForbidden (0.00s)
    --- PASS: TestForbidden/with_action (0.00s)
    --- PASS: TestForbidden/without_action (0.00s)
=== RUN   TestRateLimit
=== RUN   TestRateLimit/with_reset_time
=== RUN   TestRateLimit/without_reset_time
--- PASS: TestRateLimit (0.00s)
    --- PASS: TestRateLimit/with_reset_time (0.00s)
    --- PASS: TestRateLimit/without_reset_time (0.00s)
=== RUN   TestNetworkError
--- PASS: TestNetworkError (0.00s)
=== RUN   TestInvalidInput
--- PASS: TestInvalidInput (0.00s)
=== RUN   TestGitError
--- PASS: TestGitError (0.00s)
=== RUN   TestConfigError
--- PASS: TestConfigError (0.00s)
=== RUN   TestBBError_ErrorsIsAs
--- PASS: TestBBError_ErrorsIsAs (0.00s)
PASS
ok  	github.com/PhilipKram/bitbucket-cli/internal/errors	4.266s
=== RUN   TestParseBitbucketRemote_SSH
=== RUN   TestParseBitbucketRemote_SSH/SSH_with_.git_suffix
=== RUN   TestParseBitbucketRemote_SSH/SSH_without_.git_suffix
--- PASS: TestParseBitbucketRemote_SSH (0.00s)
    --- PASS: TestParseBitbucketRemote_SSH/SSH_with_.git_suffix (0.00s)
    --- PASS: TestParseBitbucketRemote_SSH/SSH_without_.git_suffix (0.00s)
=== RUN   TestParseBitbucketRemote_HTTPS
=== RUN   TestParseBitbucketRemote_HTTPS/HTTPS_with_.git_suffix
=== RUN   TestParseBitbucketRemote_HTTPS/HTTPS_without_.git_suffix
=== RUN   TestParseBitbucketRemote_HTTPS/HTTP_with_.git_suffix
--- PASS: TestParseBitbucketRemote_HTTPS (0.00s)
    --- PASS: TestParseBitbucketRemote_HTTPS/HTTPS_with_.git_suffix (0.00s)
    --- PASS: TestParseBitbucketRemote_HTTPS/HTTPS_without_.git_suffix (0.00s)
    --- PASS: TestParseBitbucketRemote_HTTPS/HTTP_with_.git_suffix (0.00s)
=== RUN   TestParseBitbucketRemote_InvalidURLs
=== RUN   TestParseBitbucketRemote_InvalidURLs/empty_URL
=== RUN   TestParseBitbucketRemote_InvalidURLs/GitHub_SSH_URL
=== RUN   TestParseBitbucketRemote_InvalidURLs/GitHub_HTTPS_URL
=== RUN   TestParseBitbucketRemote_InvalidURLs/non-git_URL
=== RUN   TestParseBitbucketRemote_InvalidURLs/malformed_URL
--- PASS: TestParseBitbucketRemote_InvalidURLs (0.00s)
    --- PASS: TestParseBitbucketRemote_InvalidURLs/empty_URL (0.00s)
    --- PASS: TestParseBitbucketRemote_InvalidURLs/GitHub_SSH_URL (0.00s)
    --- PASS: TestParseBitbucketRemote_InvalidURLs/GitHub_HTTPS_URL (0.00s)
    --- PASS: TestParseBitbucketRemote_InvalidURLs/non-git_URL (0.00s)
    --- PASS: TestParseBitbucketRemote_InvalidURLs/malformed_URL (0.00s)
=== RUN   TestGetCurrentBranch_InGitRepo
--- PASS: TestGetCurrentBranch_InGitRepo (0.19s)
=== RUN   TestGetCurrentBranch_NotInGitRepo
--- PASS: TestGetCurrentBranch_NotInGitRepo (0.03s)
=== RUN   TestGetRemoteURL_Success
--- PASS: TestGetRemoteURL_Success (0.09s)
=== RUN   TestGetRemoteURL_DefaultToOrigin
--- PASS: TestGetRemoteURL_DefaultToOrigin (0.06s)
=== RUN   TestGetRemoteURL_RemoteNotFound
--- PASS: TestGetRemoteURL_RemoteNotFound (0.08s)
=== RUN   TestGetBitbucketContext_Success
--- PASS: TestGetBitbucketContext_Success (0.23s)
=== RUN   TestGetBitbucketContext_NotBitbucketRemote
--- PASS: TestGetBitbucketContext_NotBitbucketRemote (0.17s)
PASS
ok  	github.com/PhilipKram/bitbucket-cli/internal/git	5.185s
=== RUN   TestPipelineTools_ToolDefinitions
--- PASS: TestPipelineTools_ToolDefinitions (0.00s)
=== RUN   TestPipelineTools_HandlerValidation
=== RUN   TestPipelineTools_HandlerValidation/PipelineList_MissingRepository
=== RUN   TestPipelineTools_HandlerValidation/PipelineTrigger_MissingRepository
=== RUN   TestPipelineTools_HandlerValidation/PipelineTrigger_DefaultBranch
--- PASS: TestPipelineTools_HandlerValidation (0.56s)
    --- PASS: TestPipelineTools_HandlerValidation/PipelineList_MissingRepository (0.00s)
    --- PASS: TestPipelineTools_HandlerValidation/PipelineTrigger_MissingRepository (0.00s)
    --- PASS: TestPipelineTools_HandlerValidation/PipelineTrigger_DefaultBranch (0.56s)
=== RUN   TestPipelineTools_RegistryIntegration
--- PASS: TestPipelineTools_RegistryIntegration (0.00s)
=== RUN   TestRequest_EncodeDecode
=== RUN   TestRequest_EncodeDecode/request_with_string_ID
=== RUN   TestRequest_EncodeDecode/request_with_numeric_ID
=== RUN   TestRequest_EncodeDecode/request_without_params
=== RUN   TestRequest_EncodeDecode/request_with_complex_params
--- PASS: TestRequest_EncodeDecode (0.00s)
    --- PASS: TestRequest_EncodeDecode/request_with_string_ID (0.00s)
    --- PASS: TestRequest_EncodeDecode/request_with_numeric_ID (0.00s)
    --- PASS: TestRequest_EncodeDecode/request_without_params (0.00s)
    --- PASS: TestRequest_EncodeDecode/request_with_complex_params (0.00s)
=== RUN   TestResponse_EncodeDecode
=== RUN   TestResponse_EncodeDecode/response_with_string_ID
=== RUN   TestResponse_EncodeDecode/response_with_numeric_ID
=== RUN   TestResponse_EncodeDecode/response_with_empty_result
=== RUN   TestResponse_EncodeDecode/response_with_complex_result
--- PASS: TestResponse_EncodeDecode (0.00s)
    --- PASS: TestResponse_EncodeDecode/response_with_string_ID (0.00s)
    --- PASS: TestResponse_EncodeDecode/response_with_numeric_ID (0.00s)
    --- PASS: TestResponse_EncodeDecode/response_with_empty_result (0.00s)
    --- PASS: TestResponse_EncodeDecode/response_with_complex_result (0.00s)
=== RUN   TestErrorResponse_EncodeDecode
=== RUN   TestErrorResponse_EncodeDecode/error_with_string_ID
=== RUN   TestErrorResponse_EncodeDecode/error_with_numeric_ID
=== RUN   TestErrorResponse_EncodeDecode/error_without_ID_(parse_error)
=== RUN   TestErrorResponse_EncodeDecode/error_with_data
--- PASS: TestErrorResponse_EncodeDecode (0.00s)
    --- PASS: TestErrorResponse_EncodeDecode/error_with_string_ID (0.00s)
    --- PASS: TestErrorResponse_EncodeDecode/error_with_numeric_ID (0.00s)
    --- PASS: TestErrorResponse_EncodeDecode/error_without_ID_(parse_error) (0.00s)
    --- PASS: TestErrorResponse_EncodeDecode/error_with_data (0.00s)
=== RUN   TestNotification_EncodeDecode
=== RUN   TestNotification_EncodeDecode/notification_without_params
=== RUN   TestNotification_EncodeDecode/notification_with_params
=== RUN   TestNotification_EncodeDecode/notification_with_empty_params
--- PASS: TestNotification_EncodeDecode (0.00s)
    --- PASS: TestNotification_EncodeDecode/notification_without_params (0.00s)
    --- PASS: TestNotification_EncodeDecode/notification_with_params (0.00s)
    --- PASS: TestNotification_EncodeDecode/notification_with_empty_params (0.00s)
=== RUN   TestNewRequest
--- PASS: TestNewRequest (0.00s)
=== RUN   TestNewResponse
--- PASS: TestNewResponse (0.00s)
=== RUN   TestNewErrorResponse
--- PASS: TestNewErrorResponse (0.00s)
=== RUN   TestNewNotification
--- PASS: TestNewNotification (0.00s)
=== RUN   TestNewTextContent
--- PASS: TestNewTextContent (0.00s)
=== RUN   TestNewImageContent
--- PASS: TestNewImageContent (0.00s)
=== RUN   TestNewResourceLinkContent
--- PASS: TestNewResourceLinkContent (0.00s)
=== RUN   TestContent_MultipleTypes
=== RUN   TestContent_MultipleTypes/text_content
=== RUN   TestContent_MultipleTypes/image_content
=== RUN   TestContent_MultipleTypes/resource_link_content
=== RUN   TestContent_MultipleTypes/resource_content_with_text
=== RUN   TestContent_MultipleTypes/resource_content_with_blob
=== RUN   TestContent_MultipleTypes/content_with_annotations
--- PASS: TestContent_MultipleTypes (0.00s)
    --- PASS: TestContent_MultipleTypes/text_content (0.00s)
    --- PASS: TestContent_MultipleTypes/image_content (0.00s)
    --- PASS: TestContent_MultipleTypes/resource_link_content (0.00s)
    --- PASS: TestContent_MultipleTypes/resource_content_with_text (0.00s)
    --- PASS: TestContent_MultipleTypes/resource_content_with_blob (0.00s)
    --- PASS: TestContent_MultipleTypes/content_with_annotations (0.00s)
=== RUN   TestToolCallResult_EncodeDecode
--- PASS: TestToolCallResult_EncodeDecode (0.00s)
=== RUN   TestToolCallResult_Error
--- PASS: TestToolCallResult_Error (0.00s)
=== RUN   TestInitializeRequest_EncodeDecode
--- PASS: TestInitializeRequest_EncodeDecode (0.00s)
=== RUN   TestInitializeResult_EncodeDecode
--- PASS: TestInitializeResult_EncodeDecode (0.00s)
=== RUN   TestTool_EncodeDecode
--- PASS: TestTool_EncodeDecode (0.00s)
=== RUN   TestErrorCodes
--- PASS: TestErrorCodes (0.00s)
=== RUN   TestProtocolVersion
--- PASS: TestProtocolVersion (0.00s)
=== RUN   TestServerInitialize
--- PASS: TestServerInitialize (0.00s)
=== RUN   TestServerToolsList
--- PASS: TestServerToolsList (0.00s)
=== RUN   TestServerToolsCall
--- PASS: TestServerToolsCall (0.00s)
=== RUN   TestServerMethodNotFound
--- PASS: TestServerMethodNotFound (0.00s)
=== RUN   TestServerInvalidJSON
--- PASS: TestServerInvalidJSON (0.00s)
=== RUN   TestServerInvalidJSONRPCVersion
--- PASS: TestServerInvalidJSONRPCVersion (0.00s)
=== RUN   TestServerNotification
--- PASS: TestServerNotification (0.00s)
=== RUN   TestServerCustomHandler
--- PASS: TestServerCustomHandler (0.00s)
=== RUN   TestNewToolRegistry
--- PASS: TestNewToolRegistry (0.00s)
=== RUN   TestToolRegistry_Register
--- PASS: TestToolRegistry_Register (0.00s)
=== RUN   TestToolRegistry_RegisterEmptyName
--- PASS: TestToolRegistry_RegisterEmptyName (0.00s)
=== RUN   TestToolRegistry_RegisterNilHandler
--- PASS: TestToolRegistry_RegisterNilHandler (0.00s)
=== RUN   TestToolRegistry_RegisterReplacement
--- PASS: TestToolRegistry_RegisterReplacement (0.00s)
=== RUN   TestToolRegistry_Unregister
--- PASS: TestToolRegistry_Unregister (0.00s)
=== RUN   TestToolRegistry_Get
--- PASS: TestToolRegistry_Get (0.00s)
=== RUN   TestToolRegistry_List
--- PASS: TestToolRegistry_List (0.00s)
=== RUN   TestToolRegistry_Execute
--- PASS: TestToolRegistry_Execute (0.00s)
=== RUN   TestToolRegistry_ExecuteError
--- PASS: TestToolRegistry_ExecuteError (0.00s)
=== RUN   TestToolRegistry_ExecuteNotFound
--- PASS: TestToolRegistry_ExecuteNotFound (0.00s)
=== RUN   TestToolRegistry_Count
--- PASS: TestToolRegistry_Count (0.00s)
=== RUN   TestToolRegistry_ConcurrentAccess
--- PASS: TestToolRegistry_ConcurrentAccess (0.00s)
=== RUN   TestJSONSchemaHelpers
--- PASS: TestJSONSchemaHelpers (0.00s)
=== RUN   TestServer_SetRegistry
--- PASS: TestServer_SetRegistry (0.00s)
=== RUN   TestPRTools_ToolDefinitions
--- PASS: TestPRTools_ToolDefinitions (0.00s)
=== RUN   TestPRTools_HandlerValidation
=== RUN   TestPRTools_HandlerValidation/PRList_MissingRepository
=== RUN   TestPRTools_HandlerValidation/PRView_MissingRepository
=== RUN   TestPRTools_HandlerValidation/PRView_MissingPRID
=== RUN   TestPRTools_HandlerValidation/PRCreate_MissingRepository
=== RUN   TestPRTools_HandlerValidation/PRCreate_MissingTitle
=== RUN   TestPRTools_HandlerValidation/PRCreate_MissingSource
--- PASS: TestPRTools_HandlerValidation (0.00s)
    --- PASS: TestPRTools_HandlerValidation/PRList_MissingRepository (0.00s)
    --- PASS: TestPRTools_HandlerValidation/PRView_MissingRepository (0.00s)
    --- PASS: TestPRTools_HandlerValidation/PRView_MissingPRID (0.00s)
    --- PASS: TestPRTools_HandlerValidation/PRCreate_MissingRepository (0.00s)
    --- PASS: TestPRTools_HandlerValidation/PRCreate_MissingTitle (0.00s)
    --- PASS: TestPRTools_HandlerValidation/PRCreate_MissingSource (0.00s)
=== RUN   TestPRTools_RegistryIntegration
--- PASS: TestPRTools_RegistryIntegration (0.00s)
=== RUN   TestToolSchemas
=== RUN   TestToolSchemas/pr_list
=== RUN   TestToolSchemas/pr_view
=== RUN   TestToolSchemas/pr_create
=== RUN   TestToolSchemas/issue_list
=== RUN   TestToolSchemas/issue_create
=== RUN   TestToolSchemas/pipeline_list
=== RUN   TestToolSchemas/pipeline_trigger
--- PASS: TestToolSchemas (0.00s)
    --- PASS: TestToolSchemas/pr_list (0.00s)
    --- PASS: TestToolSchemas/pr_view (0.00s)
    --- PASS: TestToolSchemas/pr_create (0.00s)
    --- PASS: TestToolSchemas/issue_list (0.00s)
    --- PASS: TestToolSchemas/issue_create (0.00s)
    --- PASS: TestToolSchemas/pipeline_list (0.00s)
    --- PASS: TestToolSchemas/pipeline_trigger (0.00s)
=== RUN   TestIssueTools_ToolDefinitions
--- PASS: TestIssueTools_ToolDefinitions (0.00s)
=== RUN   TestIssueTools_HandlerValidation
=== RUN   TestIssueTools_HandlerValidation/IssueList_MissingRepository
=== RUN   TestIssueTools_HandlerValidation/IssueCreate_MissingRepository
=== RUN   TestIssueTools_HandlerValidation/IssueCreate_MissingTitle
--- PASS: TestIssueTools_HandlerValidation (0.00s)
    --- PASS: TestIssueTools_HandlerValidation/IssueList_MissingRepository (0.00s)
    --- PASS: TestIssueTools_HandlerValidation/IssueCreate_MissingRepository (0.00s)
    --- PASS: TestIssueTools_HandlerValidation/IssueCreate_MissingTitle (0.00s)
=== RUN   TestIssueTools_RegistryIntegration
--- PASS: TestIssueTools_RegistryIntegration (0.00s)
=== RUN   TestRegisterDefaultTools
--- PASS: TestRegisterDefaultTools (0.00s)
PASS
ok  	github.com/PhilipKram/bitbucket-cli/internal/mcp	4.582s
=== RUN   TestTruncate_ShortString
--- PASS: TestTruncate_ShortString (0.00s)
=== RUN   TestTruncate_ExactLength
--- PASS: TestTruncate_ExactLength (0.00s)
=== RUN   TestTruncate_LongString
--- PASS: TestTruncate_LongString (0.00s)
=== RUN   TestTruncate_VerySmallMax
--- PASS: TestTruncate_VerySmallMax (0.00s)
=== RUN   TestTruncate_UTF8MultibyteCharacters
--- PASS: TestTruncate_UTF8MultibyteCharacters (0.00s)
=== RUN   TestTruncate_UTF8NoTruncation
--- PASS: TestTruncate_UTF8NoTruncation (0.00s)
=== RUN   TestTruncate_UTF8Mixed
--- PASS: TestTruncate_UTF8Mixed (0.00s)
=== RUN   TestTruncate_Emoji
--- PASS: TestTruncate_Emoji (0.00s)
=== RUN   TestPrintJSON
--- PASS: TestPrintJSON (0.00s)
=== RUN   TestNewTable_Print
--- PASS: TestNewTable_Print (0.00s)
PASS
ok  	github.com/PhilipKram/bitbucket-cli/internal/output	4.309s
=== RUN   TestCheckForUpdate_DevVersion
--- PASS: TestCheckForUpdate_DevVersion (0.00s)
=== RUN   TestCheckForUpdate_EmptyVersion
--- PASS: TestCheckForUpdate_EmptyVersion (0.00s)
=== RUN   TestCheckForUpdate_SameVersion
--- PASS: TestCheckForUpdate_SameVersion (0.00s)
=== RUN   TestCheckForUpdate_NewerVersionAvailable
--- PASS: TestCheckForUpdate_NewerVersionAvailable (0.00s)
=== RUN   TestCheckForUpdate_WithoutVPrefix
--- PASS: TestCheckForUpdate_WithoutVPrefix (0.00s)
=== RUN   TestCheckForUpdate_ExpiredCache
    check_test.go:95: skipping until update fetching is refactored to allow mocking the network
--- SKIP: TestCheckForUpdate_ExpiredCache (0.00s)
=== RUN   TestReadCache_Valid
--- PASS: TestReadCache_Valid (0.00s)
=== RUN   TestReadCache_NotExists
--- PASS: TestReadCache_NotExists (0.00s)
=== RUN   TestReadCache_Expired
--- PASS: TestReadCache_Expired (0.00s)
=== RUN   TestReadCache_InvalidJSON
--- PASS: TestReadCache_InvalidJSON (0.00s)
=== RUN   TestWriteCache
--- PASS: TestWriteCache (0.00s)
=== RUN   TestFetchLatestVersion_Success
--- PASS: TestFetchLatestVersion_Success (0.00s)
=== RUN   TestFetchLatestVersion_ErrorResponse
--- PASS: TestFetchLatestVersion_ErrorResponse (0.00s)
=== RUN   TestFetchLatestVersion_InvalidJSON
--- PASS: TestFetchLatestVersion_InvalidJSON (0.00s)
=== RUN   TestUpdateInfo_Structure
--- PASS: TestUpdateInfo_Structure (0.00s)
=== RUN   TestBuildAssetName
=== RUN   TestBuildAssetName/bb_0.0.8_darwin_arm64.tar.gz
=== RUN   TestBuildAssetName/bb_0.0.8_linux_amd64.tar.gz
=== RUN   TestBuildAssetName/bb_0.0.8_windows_amd64.zip
=== RUN   TestBuildAssetName/bb_0.0.8_darwin_amd64.tar.gz
=== RUN   TestBuildAssetName/bb_1.2.3_linux_arm64.tar.gz
--- PASS: TestBuildAssetName (0.00s)
    --- PASS: TestBuildAssetName/bb_0.0.8_darwin_arm64.tar.gz (0.00s)
    --- PASS: TestBuildAssetName/bb_0.0.8_linux_amd64.tar.gz (0.00s)
    --- PASS: TestBuildAssetName/bb_0.0.8_windows_amd64.zip (0.00s)
    --- PASS: TestBuildAssetName/bb_0.0.8_darwin_amd64.tar.gz (0.00s)
    --- PASS: TestBuildAssetName/bb_1.2.3_linux_arm64.tar.gz (0.00s)
=== RUN   TestClassifyPath
=== RUN   TestClassifyPath/homebrew_cellar
=== RUN   TestClassifyPath/homebrew_linuxbrew
=== RUN   TestClassifyPath/homebrew_path
=== RUN   TestClassifyPath/plain_binary
=== RUN   TestClassifyPath/tmp_binary
--- PASS: TestClassifyPath (0.00s)
    --- PASS: TestClassifyPath/homebrew_cellar (0.00s)
    --- PASS: TestClassifyPath/homebrew_linuxbrew (0.00s)
    --- PASS: TestClassifyPath/homebrew_path (0.00s)
    --- PASS: TestClassifyPath/plain_binary (0.00s)
    --- PASS: TestClassifyPath/tmp_binary (0.00s)
=== RUN   TestClassifyPath_GoInstall
--- PASS: TestClassifyPath_GoInstall (0.00s)
=== RUN   TestClassifyPath_GoInstall_BoundaryCheck
--- PASS: TestClassifyPath_GoInstall_BoundaryCheck (0.00s)
=== RUN   TestFindAssetURL
=== RUN   TestFindAssetURL/found
=== RUN   TestFindAssetURL/not_found
--- PASS: TestFindAssetURL (0.00s)
    --- PASS: TestFindAssetURL/found (0.00s)
    --- PASS: TestFindAssetURL/not_found (0.00s)
=== RUN   TestExtractBinaryFromTarGz
--- PASS: TestExtractBinaryFromTarGz (0.00s)
=== RUN   TestExtractBinaryFromTarGz_NotFound
--- PASS: TestExtractBinaryFromTarGz_NotFound (0.00s)
=== RUN   TestReplaceBinary
--- PASS: TestReplaceBinary (0.00s)
=== RUN   TestDownloadAsset
--- PASS: TestDownloadAsset (0.00s)
=== RUN   TestDownloadAsset_ServerError
--- PASS: TestDownloadAsset_ServerError (0.00s)
=== RUN   TestCheckUpgrade_AlreadyUpToDate
--- PASS: TestCheckUpgrade_AlreadyUpToDate (0.00s)
=== RUN   TestCheckUpgrade_NewerAvailable
--- PASS: TestCheckUpgrade_NewerAvailable (0.00s)
=== RUN   TestCheckWritePermission
--- PASS: TestCheckWritePermission (0.00s)
PASS
ok  	github.com/PhilipKram/bitbucket-cli/internal/update	4.167s
=== RUN   TestIntegration_AuthFlow_TokenRefresh
--- PASS: TestIntegration_AuthFlow_TokenRefresh (0.00s)
=== RUN   TestIntegration_APIClient_WithTokenRefresh
--- PASS: TestIntegration_APIClient_WithTokenRefresh (0.00s)
=== RUN   TestIntegration_Config_SaveAndLoad
--- PASS: TestIntegration_Config_SaveAndLoad (0.00s)
=== RUN   TestIntegration_Token_SaveAndLoad
--- PASS: TestIntegration_Token_SaveAndLoad (0.00s)
=== RUN   TestIntegration_APIClient_Pagination
--- PASS: TestIntegration_APIClient_Pagination (0.00s)
=== RUN   TestIntegration_APIClient_ErrorHandling
=== RUN   TestIntegration_APIClient_ErrorHandling/404_Not_Found
=== RUN   TestIntegration_APIClient_ErrorHandling/500_Internal_Server_Error
=== RUN   TestIntegration_APIClient_ErrorHandling/403_Forbidden
--- PASS: TestIntegration_APIClient_ErrorHandling (0.00s)
    --- PASS: TestIntegration_APIClient_ErrorHandling/404_Not_Found (0.00s)
    --- PASS: TestIntegration_APIClient_ErrorHandling/500_Internal_Server_Error (0.00s)
    --- PASS: TestIntegration_APIClient_ErrorHandling/403_Forbidden (0.00s)
=== RUN   TestIntegration_JSONMarshaling
--- PASS: TestIntegration_JSONMarshaling (0.00s)
=== RUN   TestIntegration_Config_FilePermissions
--- PASS: TestIntegration_Config_FilePermissions (0.00s)
=== RUN   TestIntegration_ConfigAndToken_Workflow
--- PASS: TestIntegration_ConfigAndToken_Workflow (0.00s)
PASS
ok  	github.com/PhilipKram/bitbucket-cli/tests	3.573s
